// Jest Snapshot v1, https://goo.gl/fbAQLP

exports[`App component renders App 1`] = `
<Fragment>
  <BrowserRouter>
    <Header />
    <Switch>
      <Route
        exact={true}
        path="/"
      >
        <ApiPage />
      </Route>
      <Route
        path="/:name"
      >
        <DetailPage />
      </Route>
    </Switch>
  </BrowserRouter>
</Fragment>
`;
